<?xml version="1.0" encoding="utf-8"?>
<files>
	<file configuration="prebuilt_image">F:/Fang_WorkNotes/project/W1/SW/W1_V006/images/apps0_firmware/common/apps0_firmware.x2p</file>
	<file configuration="filesystem">F:/Fang_WorkNotes/project/W1/SW/W1_V006/apps/applications/earbud/qcc512x_qcc302x/common/user_ps_filesystem.x2p</file>
	<file configuration="filesystem">F:/Fang_WorkNotes/project/W1/SW/W1_V006/apps/applications/earbud/qcc512x_qcc302x/common/dev_cfg_filesystem.x2p</file>
	<file configuration="filesystem">F:/Fang_WorkNotes/project/W1/SW/W1_V006/apps/applications/earbud/qcc512x_qcc302x/common/customer_ro_filesystem.x2p</file>
	<file configuration="filesystem">F:/Fang_WorkNotes/project/W1/SW/W1_V006/apps/applications/earbud/qcc512x_qcc302x/common/cur_cfg_filesystem.x2p</file>
	<file configuration="filesystem">F:/Fang_WorkNotes/project/W1/SW/W1_V006/apps/applications/earbud/qcc512x_qcc302x/QCC3020-AA_DEV-BRD-R2-AA/fw_cfg_filesystem.x2p</file>
	<file configuration="debug">F:/Fang_WorkNotes/project/W1/SW/W1_V006/apps/applications/earbud/qcc512x_qcc302x/QCC3020-AA_DEV-BRD-R2-AA/earbud.x2p</file>
</files>
